C:/TouchGFXProjects/MyApplication/Core/Src/main.c:872:6:AudioTask	15
C:/TouchGFXProjects/MyApplication/Core/Src/main.c:935:6:StartDefaultTask	4
C:/TouchGFXProjects/MyApplication/Core/Src/main.c:123:5:_write	1
C:/TouchGFXProjects/MyApplication/Core/Src/main.c:243:6:SystemClock_Config	4
C:/TouchGFXProjects/MyApplication/Core/Src/main.c:295:6:PeriphCommonClock_Config	2
C:/TouchGFXProjects/MyApplication/Core/Src/main.c:133:5:main	15
C:/TouchGFXProjects/MyApplication/Core/Src/main.c:856:6:BSP_AUDIO_OUT_TransferComplete_CallBack	2
C:/TouchGFXProjects/MyApplication/Core/Src/main.c:864:6:BSP_AUDIO_OUT_HalfTransfer_CallBack	2
C:/TouchGFXProjects/MyApplication/Core/Src/main.c:1050:6:HAL_TIM_PeriodElapsedCallback	2
C:/TouchGFXProjects/MyApplication/Core/Src/main.c:1067:6:Error_Handler	1
