C:/TouchGFXProjects/MyApplication/Core/Src/main.c:872:6:AudioTask	8	static
C:/TouchGFXProjects/MyApplication/Core/Src/main.c:935:6:StartDefaultTask	32	static
C:/TouchGFXProjects/MyApplication/Core/Src/main.c:123:5:_write	8	static
C:/TouchGFXProjects/MyApplication/Core/Src/main.c:243:6:SystemClock_Config	88	static
C:/TouchGFXProjects/MyApplication/Core/Src/main.c:295:6:PeriphCommonClock_Config	144	static
C:/TouchGFXProjects/MyApplication/Core/Src/main.c:133:5:main	128	static,ignoring_inline_asm
C:/TouchGFXProjects/MyApplication/Core/Src/main.c:856:6:BSP_AUDIO_OUT_TransferComplete_CallBack	0	static
C:/TouchGFXProjects/MyApplication/Core/Src/main.c:864:6:BSP_AUDIO_OUT_HalfTransfer_CallBack	0	static
C:/TouchGFXProjects/MyApplication/Core/Src/main.c:1050:6:HAL_TIM_PeriodElapsedCallback	0	static
C:/TouchGFXProjects/MyApplication/Core/Src/main.c:1067:6:Error_Handler	0	static
