../../Middlewares/ST/touchgfx/framework/include/touchgfx/Screen.hpp:104:18:virtual void touchgfx::Screen::afterTransition()	0	static
../../Middlewares/ST/touchgfx/framework/include/touchgfx/Screen.hpp:154:18:virtual void touchgfx::Screen::handleKeyEvent(uint8_t)	0	static
C:/TouchGFXProjects/MyApplication_1/TouchGFX/gui/src/main_screen/MainView.cpp:20:6:virtual void MainView::tearDownScreen()	0	static
C:/TouchGFXProjects/MyApplication_1/TouchGFX/gui/src/main_screen/MainView.cpp:25:6:virtual void MainView::buttonHourUpClicked()	0	static
C:/TouchGFXProjects/MyApplication_1/TouchGFX/gui/src/main_screen/MainView.cpp:30:6:virtual void MainView::buttonHourDownClicked()	0	static
C:/TouchGFXProjects/MyApplication_1/TouchGFX/gui/src/main_screen/MainView.cpp:62:6:virtual void MainView::buttonSecondUpClicked()	0	static
C:/TouchGFXProjects/MyApplication_1/TouchGFX/gui/src/main_screen/MainView.cpp:80:6:virtual void MainView::buttonSecondDownClicked()	0	static
../../TouchGFX/gui/include/gui/main_screen/MainView.hpp:11:13:MainView::~MainView()	8	static
../../TouchGFX/gui/include/gui/main_screen/MainView.hpp:11:13:virtual MainView::~MainView()	8	static
C:/TouchGFXProjects/MyApplication_1/TouchGFX/gui/src/main_screen/MainView.cpp:36:6:virtual void MainView::buttonMinuteUpClicked()	0	static
C:/TouchGFXProjects/MyApplication_1/TouchGFX/gui/src/main_screen/MainView.cpp:49:6:virtual void MainView::buttonMinuteDownClicked()	0	static
../../Middlewares/ST/touchgfx/framework/include/touchgfx/Bitmap.hpp:133:14:touchgfx::BitmapId touchgfx::Bitmap::getId() const	8	static
C:/TouchGFXProjects/MyApplication_1/TouchGFX/gui/src/main_screen/MainView.cpp:99:6:virtual void MainView::buttonPausePlayClicked()	16	static
C:/TouchGFXProjects/MyApplication_1/TouchGFX/gui/src/main_screen/MainView.cpp:3:1:MainView::MainView()	8	static
C:/TouchGFXProjects/MyApplication_1/TouchGFX/gui/src/main_screen/MainView.cpp:8:6:virtual void MainView::setupScreen()	16	static
C:/TouchGFXProjects/MyApplication_1/TouchGFX/gui/src/main_screen/MainView.cpp:105:6:virtual void MainView::handleTickEvent()	16	static
