Screen.hpp:104:18:virtual void touchgfx::Screen::afterTransition()	0	static
Screen.hpp:144:18:virtual void touchgfx::Screen::handleTickEvent()	0	static
Screen.hpp:154:18:virtual void touchgfx::Screen::handleKeyEvent(uint8_t)	0	static
MusicListView.cpp:21:6:virtual void MusicListView::tearDownScreen()	0	static
Callback.hpp:357:8:touchgfx::Callback<MusicListView, short int>::~Callback()	0	static
Callback.hpp:386:18:void touchgfx::Callback<dest_type, T1, void, void>::execute(T1) [with dest_type = MusicListView; T1 = short int]	8	static
Callback.hpp:396:18:bool touchgfx::Callback<dest_type, T1, void, void>::isValid() const [with dest_type = MusicListView; T1 = short int]	0	static
Callback.hpp:357:8:virtual touchgfx::Callback<MusicListView, short int>::~Callback()	8	static
MusicListView.cpp:26:6:virtual void MusicListView::musicListUpdateItem(CustomListElement&, int16_t)	0	static
MusicListView.hpp:12:13:MusicListView::~MusicListView()	8	static
MusicListView.hpp:12:13:virtual MusicListView::~MusicListView()	8	static
MusicListView.cpp:8:1:MusicListView::MusicListView()	8	static
MusicListView.cpp:13:6:virtual void MusicListView::setupScreen()	16	static
MusicListView.cpp:31:6:void MusicListView::musicListItemSelectedHandler(int16_t)	80	static
