Screen.hpp:104:18:virtual void touchgfx::Screen::afterTransition()	0	static
Screen.hpp:144:18:virtual void touchgfx::Screen::handleTickEvent()	0	static
Screen.hpp:154:18:virtual void touchgfx::Screen::handleKeyEvent(uint8_t)	0	static
MusicView.cpp:17:6:virtual void MusicView::tearDownScreen()	0	static
MusicView.hpp:11:13:MusicView::~MusicView()	8	static
MusicView.hpp:11:13:virtual MusicView::~MusicView()	8	static
MusicView.cpp:7:1:MusicView::MusicView()	8	static
MusicView.cpp:12:6:virtual void MusicView::setupScreen()	0	static
MusicView.cpp:22:6:virtual void MusicView::SetMusicItem(int16_t)	88	static
