../Drivers/BSP/STM32F7508-Discovery/stm32f7508_discovery_lcd.c:1559:13:LL_FillBuffer	40	static
../Drivers/BSP/STM32F7508-Discovery/stm32f7508_discovery_lcd.c:226:10:BSP_LCD_GetXSize	0	static
../Drivers/BSP/STM32F7508-Discovery/stm32f7508_discovery_lcd.c:235:10:BSP_LCD_GetYSize	0	static
../Drivers/BSP/STM32F7508-Discovery/stm32f7508_discovery_lcd.c:245:6:BSP_LCD_SetXSize	0	static
../Drivers/BSP/STM32F7508-Discovery/stm32f7508_discovery_lcd.c:255:6:BSP_LCD_SetYSize	0	static
../Drivers/BSP/STM32F7508-Discovery/stm32f7508_discovery_lcd.c:266:6:BSP_LCD_LayerDefaultInit	72	static
../Drivers/BSP/STM32F7508-Discovery/stm32f7508_discovery_lcd.c:300:6:BSP_LCD_LayerRgb565Init	72	static
../Drivers/BSP/STM32F7508-Discovery/stm32f7508_discovery_lcd.c:333:6:BSP_LCD_SelectLayer	0	static
../Drivers/BSP/STM32F7508-Discovery/stm32f7508_discovery_lcd.c:347:6:BSP_LCD_SetLayerVisible	0	static
../Drivers/BSP/STM32F7508-Discovery/stm32f7508_discovery_lcd.c:369:6:BSP_LCD_SetLayerVisible_NoReload	0	static
../Drivers/BSP/STM32F7508-Discovery/stm32f7508_discovery_lcd.c:389:6:BSP_LCD_SetTransparency	0	static
../Drivers/BSP/STM32F7508-Discovery/stm32f7508_discovery_lcd.c:401:6:BSP_LCD_SetTransparency_NoReload	0	static
../Drivers/BSP/STM32F7508-Discovery/stm32f7508_discovery_lcd.c:412:6:BSP_LCD_SetLayerAddress	0	static
../Drivers/BSP/STM32F7508-Discovery/stm32f7508_discovery_lcd.c:423:6:BSP_LCD_SetLayerAddress_NoReload	0	static
../Drivers/BSP/STM32F7508-Discovery/stm32f7508_discovery_lcd.c:437:6:BSP_LCD_SetLayerWindow	24	static
../Drivers/BSP/STM32F7508-Discovery/stm32f7508_discovery_lcd.c:455:6:BSP_LCD_SetLayerWindow_NoReload	24	static
../Drivers/BSP/STM32F7508-Discovery/stm32f7508_discovery_lcd.c:470:6:BSP_LCD_SetColorKeying	16	static
../Drivers/BSP/STM32F7508-Discovery/stm32f7508_discovery_lcd.c:483:6:BSP_LCD_SetColorKeying_NoReload	16	static
../Drivers/BSP/STM32F7508-Discovery/stm32f7508_discovery_lcd.c:495:6:BSP_LCD_ResetColorKeying	0	static
../Drivers/BSP/STM32F7508-Discovery/stm32f7508_discovery_lcd.c:506:6:BSP_LCD_ResetColorKeying_NoReload	0	static
../Drivers/BSP/STM32F7508-Discovery/stm32f7508_discovery_lcd.c:519:6:BSP_LCD_Reload	0	static
../Drivers/BSP/STM32F7508-Discovery/stm32f7508_discovery_lcd.c:529:6:BSP_LCD_SetTextColor	0	static
../Drivers/BSP/STM32F7508-Discovery/stm32f7508_discovery_lcd.c:538:10:BSP_LCD_GetTextColor	0	static
../Drivers/BSP/STM32F7508-Discovery/stm32f7508_discovery_lcd.c:548:6:BSP_LCD_SetBackColor	0	static
../Drivers/BSP/STM32F7508-Discovery/stm32f7508_discovery_lcd.c:557:10:BSP_LCD_GetBackColor	0	static
../Drivers/BSP/STM32F7508-Discovery/stm32f7508_discovery_lcd.c:567:6:BSP_LCD_SetFont	0	static
../Drivers/BSP/STM32F7508-Discovery/stm32f7508_discovery_lcd.c:576:8:BSP_LCD_GetFont	0	static
../Drivers/BSP/STM32F7508-Discovery/stm32f7508_discovery_lcd.c:587:10:BSP_LCD_ReadPixel	24	static
../Drivers/BSP/STM32F7508-Discovery/stm32f7508_discovery_lcd.c:622:6:BSP_LCD_Clear	32	static
../Drivers/BSP/STM32F7508-Discovery/stm32f7508_discovery_lcd.c:744:6:BSP_LCD_DrawHLine	40	static
../Drivers/BSP/STM32F7508-Discovery/stm32f7508_discovery_lcd.c:769:6:BSP_LCD_DrawVLine	40	static
../Drivers/BSP/STM32F7508-Discovery/stm32f7508_discovery_lcd.c:870:6:BSP_LCD_DrawRect	24	static
../Drivers/BSP/STM32F7508-Discovery/stm32f7508_discovery_lcd.c:996:6:BSP_LCD_DrawPixel	24	static
../Drivers/BSP/STM32F7508-Discovery/stm32f7508_discovery_lcd.c:653:6:BSP_LCD_DisplayChar	56	static
../Drivers/BSP/STM32F7508-Discovery/stm32f7508_discovery_lcd.c:671:6:BSP_LCD_DisplayStringAt	32	static
../Drivers/BSP/STM32F7508-Discovery/stm32f7508_discovery_lcd.c:732:6:BSP_LCD_DisplayStringAtLine	16	static
../Drivers/BSP/STM32F7508-Discovery/stm32f7508_discovery_lcd.c:795:6:BSP_LCD_DrawLine	56	static
../Drivers/BSP/STM32F7508-Discovery/stm32f7508_discovery_lcd.c:935:6:BSP_LCD_DrawPolygon	16	static
../Drivers/BSP/STM32F7508-Discovery/stm32f7508_discovery_lcd.c:1481:13:FillTriangle	64	static
../Drivers/BSP/STM32F7508-Discovery/stm32f7508_discovery_lcd.c:888:6:BSP_LCD_DrawCircle	64	static
../Drivers/BSP/STM32F7508-Discovery/stm32f7508_discovery_lcd.c:963:6:BSP_LCD_DrawEllipse	56	static
../Drivers/BSP/STM32F7508-Discovery/stm32f7508_discovery_lcd.c:1016:6:BSP_LCD_DrawBitmap	48	static
../Drivers/BSP/STM32F7508-Discovery/stm32f7508_discovery_lcd.c:1074:6:BSP_LCD_FillRect	40	static
../Drivers/BSP/STM32F7508-Discovery/stm32f7508_discovery_lcd.c:633:6:BSP_LCD_ClearStringLine	32	static
../Drivers/BSP/STM32F7508-Discovery/stm32f7508_discovery_lcd.c:1101:6:BSP_LCD_FillCircle	56	static
../Drivers/BSP/STM32F7508-Discovery/stm32f7508_discovery_lcd.c:1149:6:BSP_LCD_FillPolygon	64	static
../Drivers/BSP/STM32F7508-Discovery/stm32f7508_discovery_lcd.c:1217:6:BSP_LCD_FillEllipse	48	static
../Drivers/BSP/STM32F7508-Discovery/stm32f7508_discovery_lcd.c:1247:6:BSP_LCD_DisplayOn	8	static
../Drivers/BSP/STM32F7508-Discovery/stm32f7508_discovery_lcd.c:1259:6:BSP_LCD_DisplayOff	8	static
../Drivers/BSP/STM32F7508-Discovery/stm32f7508_discovery_lcd.c:1273:13:BSP_LCD_MspInit	80	static
../Drivers/BSP/STM32F7508-Discovery/stm32f7508_discovery_lcd.c:1345:13:BSP_LCD_MspDeInit	8	static
../Drivers/BSP/STM32F7508-Discovery/stm32f7508_discovery_lcd.c:205:9:BSP_LCD_DeInit	8	static
../Drivers/BSP/STM32F7508-Discovery/stm32f7508_discovery_lcd.c:1394:13:BSP_LCD_ClockConfig	0	static
../Drivers/BSP/STM32F7508-Discovery/stm32f7508_discovery_lcd.c:143:9:BSP_LCD_Init	8	static
