stm32f7xx_hal_msp.c:65:6:HAL_MspInit	8	static
stm32f7xx_hal_msp.c:89:6:HAL_ADC_MspInit	40	static
stm32f7xx_hal_msp.c:122:6:HAL_ADC_MspDeInit	0	static
stm32f7xx_hal_msp.c:150:6:HAL_CRC_MspInit	8	static
stm32f7xx_hal_msp.c:172:6:HAL_CRC_MspDeInit	0	static
stm32f7xx_hal_msp.c:194:6:HAL_DMA2D_MspInit	16	static
stm32f7xx_hal_msp.c:219:6:HAL_DMA2D_MspDeInit	0	static
stm32f7xx_hal_msp.c:244:6:HAL_LTDC_MspInit	192	static
stm32f7xx_hal_msp.c:361:6:HAL_LTDC_MspDeInit	8	static
stm32f7xx_hal_msp.c:430:6:HAL_UART_MspInit	192	static
stm32f7xx_hal_msp.c:485:6:HAL_UART_MspDeInit	8	static
stm32f7xx_hal_msp.c:618:6:HAL_SDRAM_MspInit	48	static
stm32f7xx_hal_msp.c:704:6:HAL_SDRAM_MspDeInit	8	static
