Screen.hpp:104:18:virtual void touchgfx::Screen::afterTransition()	0	static
Screen.hpp:154:18:virtual void touchgfx::Screen::handleKeyEvent(uint8_t)	0	static
MainView.cpp:20:6:virtual void MainView::tearDownScreen()	0	static
MainView.hpp:11:13:MainView::~MainView()	8	static
MainView.hpp:11:13:virtual MainView::~MainView()	8	static
MainView.cpp:3:1:MainView::MainView()	8	static
MainView.cpp:8:6:virtual void MainView::setupScreen()	8	static
MainView.cpp:30:6:virtual void MainView::handleTickEvent()	0	static
