MusicListPresenter.hpp:28:13:MusicListPresenter::~MusicListPresenter()	0	static
MusicListPresenter.cpp:10:6:virtual void MusicListPresenter::activate()	0	static
MusicListPresenter.hpp:28:13:virtual MusicListPresenter::~MusicListPresenter()	8	static
MusicListPresenter.cpp:20:6:virtual void MusicListPresenter::musicSelected(int16_t)	0	static
MusicListPresenter.hpp:28:13:virtual void* MusicListPresenter::_ZThn4_N18MusicListPresenterD1Ev()	0	static
MusicListPresenter.cpp:4:1:MusicListPresenter::MusicListPresenter(MusicListView&)	8	static
