C:/TouchGFXProjects/MyApplication_1/Core/Src/main.c:613:6:StartDefaultTask	24	static
C:/TouchGFXProjects/MyApplication_1/Core/Src/main.c:98:5:_write	8	static
C:/TouchGFXProjects/MyApplication_1/Core/Src/main.c:208:6:SystemClock_Config	88	static
C:/TouchGFXProjects/MyApplication_1/Core/Src/main.c:109:5:main	120	static,ignoring_inline_asm
C:/TouchGFXProjects/MyApplication_1/Core/Src/main.c:717:6:HAL_TIM_PeriodElapsedCallback	0	static
C:/TouchGFXProjects/MyApplication_1/Core/Src/main.c:734:6:Error_Handler	0	static
