C:/TouchGFXProjects/MyApplication/Core/Src/stm32f7xx_hal_msp.c:68:6:HAL_MspInit	8	static
C:/TouchGFXProjects/MyApplication/Core/Src/stm32f7xx_hal_msp.c:92:6:HAL_CRC_MspInit	8	static
C:/TouchGFXProjects/MyApplication/Core/Src/stm32f7xx_hal_msp.c:114:6:HAL_CRC_MspDeInit	0	static
C:/TouchGFXProjects/MyApplication/Core/Src/stm32f7xx_hal_msp.c:136:6:HAL_DMA2D_MspInit	16	static
C:/TouchGFXProjects/MyApplication/Core/Src/stm32f7xx_hal_msp.c:161:6:HAL_DMA2D_MspDeInit	0	static
C:/TouchGFXProjects/MyApplication/Core/Src/stm32f7xx_hal_msp.c:186:6:HAL_LTDC_MspInit	64	static
C:/TouchGFXProjects/MyApplication/Core/Src/stm32f7xx_hal_msp.c:287:6:HAL_LTDC_MspDeInit	8	static
C:/TouchGFXProjects/MyApplication/Core/Src/stm32f7xx_hal_msp.c:356:6:HAL_SD_MspInit	200	static
C:/TouchGFXProjects/MyApplication/Core/Src/stm32f7xx_hal_msp.c:459:6:HAL_SD_MspDeInit	8	static
C:/TouchGFXProjects/MyApplication/Core/Src/stm32f7xx_hal_msp.c:497:6:HAL_SPDIFRX_MspInit	168	static
C:/TouchGFXProjects/MyApplication/Core/Src/stm32f7xx_hal_msp.c:547:6:HAL_SPDIFRX_MspDeInit	0	static
C:/TouchGFXProjects/MyApplication/Core/Src/stm32f7xx_hal_msp.c:575:6:HAL_SPI_MspInit	48	static
C:/TouchGFXProjects/MyApplication/Core/Src/stm32f7xx_hal_msp.c:620:6:HAL_SPI_MspDeInit	8	static
C:/TouchGFXProjects/MyApplication/Core/Src/stm32f7xx_hal_msp.c:652:6:HAL_UART_MspInit	192	static
C:/TouchGFXProjects/MyApplication/Core/Src/stm32f7xx_hal_msp.c:707:6:HAL_UART_MspDeInit	8	static
C:/TouchGFXProjects/MyApplication/Core/Src/stm32f7xx_hal_msp.c:840:6:HAL_SDRAM_MspInit	48	static
C:/TouchGFXProjects/MyApplication/Core/Src/stm32f7xx_hal_msp.c:926:6:HAL_SDRAM_MspDeInit	8	static
C:/TouchGFXProjects/MyApplication/Core/Src/stm32f7xx_hal_msp.c:940:6:HAL_SAI_MspInit	48	static
C:/TouchGFXProjects/MyApplication/Core/Src/stm32f7xx_hal_msp.c:1021:6:HAL_SAI_MspDeInit	8	static
