../../Middlewares/ST/touchgfx/framework/include/touchgfx/Screen.hpp:104:18:virtual void touchgfx::Screen::afterTransition()	0	static
../../Middlewares/ST/touchgfx/framework/include/touchgfx/Screen.hpp:154:18:virtual void touchgfx::Screen::handleKeyEvent(uint8_t)	0	static
C:/TouchGFXProjects/MyApplication/TouchGFX/gui/src/main_screen/MainView.cpp:20:6:virtual void MainView::tearDownScreen()	0	static
../../TouchGFX/gui/include/gui/main_screen/MainView.hpp:11:13:MainView::~MainView()	8	static
../../TouchGFX/gui/include/gui/main_screen/MainView.hpp:11:13:virtual MainView::~MainView()	8	static
C:/TouchGFXProjects/MyApplication/TouchGFX/gui/src/main_screen/MainView.cpp:3:1:MainView::MainView()	8	static
C:/TouchGFXProjects/MyApplication/TouchGFX/gui/src/main_screen/MainView.cpp:8:6:virtual void MainView::setupScreen()	8	static
C:/TouchGFXProjects/MyApplication/TouchGFX/gui/src/main_screen/MainView.cpp:30:6:virtual void MainView::handleTickEvent()	12	static
