../../Middlewares/ST/touchgfx/framework/include/touchgfx/Screen.hpp:104:18:virtual void touchgfx::Screen::afterTransition()	0	static
../../Middlewares/ST/touchgfx/framework/include/touchgfx/Screen.hpp:144:18:virtual void touchgfx::Screen::handleTickEvent()	0	static
../../Middlewares/ST/touchgfx/framework/include/touchgfx/Screen.hpp:154:18:virtual void touchgfx::Screen::handleKeyEvent(uint8_t)	0	static
C:/TouchGFXProjects/MyApplication/TouchGFX/gui/src/musiclist_screen/MusicListView.cpp:22:6:virtual void MusicListView::tearDownScreen()	0	static
../../Middlewares/ST/touchgfx/framework/include/touchgfx/Callback.hpp:357:8:touchgfx::Callback<MusicListView, short int>::~Callback()	0	static
../../Middlewares/ST/touchgfx/framework/include/touchgfx/Callback.hpp:386:18:void touchgfx::Callback<dest_type, T1, void, void>::execute(T1) [with dest_type = MusicListView; T1 = short int]	8	static
../../Middlewares/ST/touchgfx/framework/include/touchgfx/Callback.hpp:396:18:bool touchgfx::Callback<dest_type, T1, void, void>::isValid() const [with dest_type = MusicListView; T1 = short int]	0	static
../../Middlewares/ST/touchgfx/framework/include/touchgfx/Callback.hpp:357:8:virtual touchgfx::Callback<MusicListView, short int>::~Callback()	8	static
C:/TouchGFXProjects/MyApplication/TouchGFX/gui/src/musiclist_screen/MusicListView.cpp:27:6:virtual void MusicListView::musicListUpdateItem(CustomListElement&, int16_t)	0	static
../../TouchGFX/gui/include/gui/musiclist_screen/MusicListView.hpp:12:13:MusicListView::~MusicListView()	8	static
../../TouchGFX/gui/include/gui/musiclist_screen/MusicListView.hpp:12:13:virtual MusicListView::~MusicListView()	8	static
C:/TouchGFXProjects/MyApplication/TouchGFX/gui/src/musiclist_screen/MusicListView.cpp:9:1:MusicListView::MusicListView()	8	static
C:/TouchGFXProjects/MyApplication/TouchGFX/gui/src/musiclist_screen/MusicListView.cpp:14:6:virtual void MusicListView::setupScreen()	16	static
C:/TouchGFXProjects/MyApplication/TouchGFX/gui/src/musiclist_screen/MusicListView.cpp:32:6:void MusicListView::musicListItemSelectedHandler(int16_t)	80	static
